// Jest Snapshot v1, https://goo.gl/fbAQLP

exports[`MessageInput test 1`] = `
<div>
  <div
    className="message-new-tip"
  >
    标题
  </div>
  <input
    className="ant-input"
    data-id="title"
    data-path="MESSAGE"
    disabled={false}
    onChange={[Function]}
    onKeyDown={[Function]}
    placeholder="输入信息标题"
    type="text"
    value="输入测试"
  />
  <div
    className="message-new-tip"
  >
    内容
  </div>
  <textarea
    className="ant-input"
    data-id="content"
    data-path="MESSAGE"
    onChange={[Function]}
    onKeyDown={[Function]}
    placeholder="输入信息内容"
    rows={6}
    style={Object {}}
    value={undefined}
  />
  <div
    className="message-new-tip"
  >
    摘要（64字以内）
  </div>
  <textarea
    className="ant-input"
    data-id="abstract"
    data-path="MESSAGE"
    onChange={[Function]}
    onKeyDown={[Function]}
    placeholder="输入摘要"
    rows={2}
    style={Object {}}
    value={undefined}
  />
  <div
    className="message-new-tip"
  >
    封面图片（第一张为信息封面图）
  </div>
  <div
    className="clearfix"
  >
    <span
      className=""
    >
      <div
        className="ant-upload-list ant-upload-list-picture-card"
        style={undefined}
      />
      <div
        className="ant-upload ant-upload-select ant-upload-select-picture-card"
        style={
          Object {
            "display": "",
          }
        }
      >
        <span
          className="ant-upload"
          onClick={[Function]}
          onDragOver={[Function]}
          onDrop={[Function]}
          onKeyDown={[Function]}
          role="button"
          style={undefined}
          tabIndex="0"
        >
          <input
            accept=""
            multiple={true}
            onChange={[Function]}
            style={
              Object {
                "display": "none",
              }
            }
            type="file"
          />
          <div>
            <i
              className="anticon anticon-plus"
            />
            <div
              className="ant-upload-text"
            >
              上传图片
            </div>
          </div>
        </span>
      </div>
    </span>
  </div>
</div>
`;
