// Jest Snapshot v1, https://goo.gl/fbAQLP

exports[`Nav snapshot test 1`] = `
<div
  className="nav-containers ant-layout ant-layout-has-sider"
>
  <div
    className="ant-layout-sider"
    style={
      Object {
        "background": "#fff",
        "borderRight": "1px solid #eee",
        "flex": "0 0 150px",
        "width": "150px",
      }
    }
  >
    <div
      className="ant-layout-sider-children"
    >
      <div
        className="nav-sider-log"
      >
        Drm
      </div>
      <div
        className="sider-item"
        data-pathname="/message"
        onClick={[Function]}
      >
        <div
          className="sider-icon nav-sider-message"
        >
          信息发布
        </div>
      </div>
      <div
        className="sider-item"
        data-pathname="/machine"
        onClick={[Function]}
      >
        <div
          className="sider-icon nav-sider-machine"
        >
          设备管理
        </div>
      </div>
      <div
        className="sider-item"
        data-pathname="/trouble"
        onClick={[Function]}
      >
        <div
          className="sider-icon nav-sider-trouble"
        >
          故障诊断
        </div>
      </div>
      <div
        className="sider-item"
        data-pathname="/parts"
        onClick={[Function]}
      >
        <div
          className="sider-icon nav-sider-parts"
        >
          配件管理
        </div>
      </div>
      <div
        className="sider-item"
        data-pathname="/user"
        onClick={[Function]}
      >
        <div
          className="sider-icon nav-sider-user"
        >
          用户管理
        </div>
      </div>
      <div
        className="sider-item"
        data-pathname="/authority"
        onClick={[Function]}
      >
        <div
          className="sider-icon nav-sider-authority-select"
        >
          权限管理
        </div>
      </div>
      <div
        className="sider-item"
        data-pathname="/workOrder"
        onClick={[Function]}
      >
        <div
          className="sider-icon nav-sider-work-order"
        >
          工单管理
        </div>
      </div>
    </div>
  </div>
  <div
    className="ant-layout"
  >
    <div
      className="ant-layout-header"
      style={
        Object {
          "background": "#fff",
        }
      }
    >
      <div
        className="nav-head-container"
      >
        <div
          className="nav-head-left nav-head-block"
        >
          admin
        </div>
        <div
          className="nav-hed-right nav-head-block"
          onClick={[Function]}
        >
          退出
        </div>
      </div>
    </div>
    <div
      className="ant-layout"
      style={
        Object {
          "backgroundColor": "#F9FAFC",
          "minWidth": 1000,
        }
      }
    >
      <div
        className="nav-content ant-layout-content"
      />
    </div>
  </div>
</div>
`;
