// Jest Snapshot v1, https://goo.gl/fbAQLP

exports[`UserArr test 1`] = `
<div>
  <div
    class="ant-table-wrapper"
  >
    <div
      class="ant-spin-nested-loading"
    >
      <div
        class="ant-spin-container"
      >
        <div
          class="ant-table ant-table-large ant-table-scroll-position-left"
        >
          <div
            class="ant-table-content"
          >
            <div
              class="ant-table-body"
            >
              <table
                class=""
              >
                <colgroup>
                  <col
                    style="width:10%;min-width:10%;"
                  />
                  <col
                    style="width:10%;min-width:10%;"
                  />
                  <col
                    style="width:10%;min-width:10%;"
                  />
                  <col
                    style="width:20%;min-width:20%;"
                  />
                  <col
                    style="width:20%;min-width:20%;"
                  />
                  <col
                    style="width:10%;min-width:10%;"
                  />
                  <col
                    style="width:10%;min-width:10%;"
                  />
                </colgroup>
                <thead
                  class="ant-table-thead"
                >
                  <tr>
                    <th
                      class=""
                    >
                      <span>
                        用户名称
                      </span>
                    </th>
                    <th
                      class=""
                    >
                      <span>
                        用户邮箱
                      </span>
                    </th>
                    <th
                      class=""
                    >
                      <span>
                        联系电话
                      </span>
                    </th>
                    <th
                      class=""
                    >
                      <span>
                        公司名称
                      </span>
                    </th>
                    <th
                      class=""
                    >
                      <span>
                        通讯地址
                      </span>
                    </th>
                    <th
                      class=""
                    >
                      <span>
                        创建时间
                      </span>
                    </th>
                    <th
                      class=""
                    >
                      <span>
                        操作
                      </span>
                    </th>
                  </tr>
                </thead>
                <tbody
                  class="ant-table-tbody"
                >
                  <tr
                    class="ant-table-row  ant-table-row-level-0"
                  >
                    <td
                      class=""
                    >
                      <span
                        class="ant-table-row-indent indent-level-0"
                        style="padding-left:0px;"
                      />
                      张三
                    </td>
                    <td
                      class=""
                    >
                      3255243@fsaer.com
                    </td>
                    <td
                      class=""
                    />
                    <td
                      class=""
                    />
                    <td
                      class=""
                    />
                    <td
                      class=""
                    />
                    <td
                      class=""
                    >
                      <div
                        class="table-icon-content"
                      >
                        <div
                          class="table-icon-item"
                          style="color:#579df2;"
                        >
                          <i
                            class="iconfont icon-compile"
                            style="color:#0068d2;font-size:25px;"
                          />
                        </div>
                        <div
                          class="table-icon-item"
                          data-user-name="张三"
                        >
                          <img
                            alt="删除"
                            src="dels.png"
                            style="width:20px;height:20px;"
                          />
                        </div>
                      </div>
                    </td>
                  </tr>
                  <tr
                    class="ant-table-row  ant-table-row-level-0"
                  >
                    <td
                      class=""
                    >
                      <span
                        class="ant-table-row-indent indent-level-0"
                        style="padding-left:0px;"
                      />
                      李四
                    </td>
                    <td
                      class=""
                    >
                      ds55243@fsaer.com
                    </td>
                    <td
                      class=""
                    />
                    <td
                      class=""
                    />
                    <td
                      class=""
                    />
                    <td
                      class=""
                    />
                    <td
                      class=""
                    >
                      <div
                        class="table-icon-content"
                      >
                        <div
                          class="table-icon-item"
                          style="color:#579df2;"
                        >
                          <i
                            class="iconfont icon-compile"
                            style="color:#0068d2;font-size:25px;"
                          />
                        </div>
                        <div
                          class="table-icon-item"
                          data-user-name="李四"
                        >
                          <img
                            alt="删除"
                            src="dels.png"
                            style="width:20px;height:20px;"
                          />
                        </div>
                      </div>
                    </td>
                  </tr>
                </tbody>
              </table>
            </div>
          </div>
        </div>
        <ul
          class="ant-pagination ant-table-pagination"
          unselectable="unselectable"
        >
          <li
            aria-disabled="true"
            class="ant-pagination-disabled ant-pagination-prev"
            tabindex="0"
            title="上一页"
          >
            <a />
          </li>
          <li
            class="ant-pagination-item ant-pagination-item-1 ant-pagination-item-active"
            tabindex="0"
            title="1"
          >
            <a>
              1
            </a>
          </li>
          <li
            aria-disabled="true"
            class="ant-pagination-disabled ant-pagination-next"
            tabindex="0"
            title="下一页"
          >
            <a />
          </li>
        </ul>
      </div>
    </div>
  </div>
</div>
`;
