// Jest Snapshot v1, https://goo.gl/fbAQLP

exports[`WorkOrderTable test 1`] = `
<div>
  <div
    class="ant-table-wrapper"
  >
    <div
      class="ant-spin-nested-loading"
    >
      <div
        class="ant-spin-container"
      >
        <div
          class="ant-table ant-table-large ant-table-scroll-position-left"
        >
          <div
            class="ant-table-content"
          >
            <div
              class="ant-table-body"
            >
              <table
                class=""
              >
                <colgroup>
                  <col
                    style="width:15%;min-width:15%;"
                  />
                  <col
                    style="width:30%;min-width:30%;"
                  />
                  <col
                    style="width:10%;min-width:10%;"
                  />
                  <col
                    style="width:10%;min-width:10%;"
                  />
                  <col
                    style="width:15%;min-width:15%;"
                  />
                  <col
                    style="width:10%;min-width:10%;"
                  />
                  <col
                    style="width:10%;min-width:10%;"
                  />
                </colgroup>
                <thead
                  class="ant-table-thead"
                >
                  <tr>
                    <th
                      class=""
                    >
                      <span>
                        标题
                      </span>
                    </th>
                    <th
                      class=""
                    >
                      <span>
                        内容
                      </span>
                    </th>
                    <th
                      class=""
                    >
                      <span>
                        提问人
                      </span>
                    </th>
                    <th
                      class=""
                    >
                      <span>
                        状态
                      </span>
                    </th>
                    <th
                      class=""
                    >
                      <span>
                        用户反馈
                      </span>
                    </th>
                    <th
                      class=""
                    >
                      <span>
                        修改时间
                      </span>
                    </th>
                    <th
                      class=""
                    >
                      <span>
                        操作
                      </span>
                    </th>
                  </tr>
                </thead>
                <tbody
                  class="ant-table-tbody"
                >
                  <tr
                    class="ant-table-row  ant-table-row-level-0"
                  >
                    <td
                      class=""
                    >
                      <span
                        class="ant-table-row-indent indent-level-0"
                        style="padding-left:0px;"
                      />
                      <div>
                        <div>
                          标题
                        </div>
                      </div>
                    </td>
                    <td
                      class=""
                    >
                      <div>
                        <div>
                          asldjajtwe;ojawrw
                        </div>
                      </div>
                    </td>
                    <td
                      class=""
                    />
                    <td
                      class=""
                    />
                    <td
                      class=""
                    >
                      <div
                        style="color:#d0011b;"
                      />
                    </td>
                    <td
                      class=""
                    />
                    <td
                      class=""
                    >
                      <div
                        class="table-icon-content"
                      >
                        <div
                          class="table-icon-item"
                          data-order-id="2323dsrw"
                        >
                          <i
                            class="iconfont icon-compile"
                            style="color:#579df2;font-size:25px;"
                          />
                        </div>
                        <div
                          class="table-icon-item"
                          data-work-order-id="2323dsrw"
                        >
                          <img
                            alt="删除"
                            src="dels.png"
                            style="width:20px;height:20px;"
                          />
                        </div>
                      </div>
                    </td>
                  </tr>
                  <tr
                    class="ant-table-row  ant-table-row-level-0"
                  >
                    <td
                      class=""
                    >
                      <span
                        class="ant-table-row-indent indent-level-0"
                        style="padding-left:0px;"
                      />
                      <div>
                        <div>
                          标题
                        </div>
                      </div>
                    </td>
                    <td
                      class=""
                    >
                      <div>
                        <div>
                          asldjajtwe;ojawrw
                        </div>
                      </div>
                    </td>
                    <td
                      class=""
                    />
                    <td
                      class=""
                    />
                    <td
                      class=""
                    >
                      <div
                        style="color:#d0011b;"
                      />
                    </td>
                    <td
                      class=""
                    />
                    <td
                      class=""
                    >
                      <div
                        class="table-icon-content"
                      >
                        <div
                          class="table-icon-item"
                          data-order-id="2323dsrds"
                        >
                          <i
                            class="iconfont icon-compile"
                            style="color:#579df2;font-size:25px;"
                          />
                        </div>
                        <div
                          class="table-icon-item"
                          data-work-order-id="2323dsrds"
                        >
                          <img
                            alt="删除"
                            src="dels.png"
                            style="width:20px;height:20px;"
                          />
                        </div>
                      </div>
                    </td>
                  </tr>
                </tbody>
              </table>
            </div>
          </div>
        </div>
        <ul
          class="ant-pagination ant-table-pagination"
          unselectable="unselectable"
        >
          <li
            aria-disabled="true"
            class="ant-pagination-disabled ant-pagination-prev"
            tabindex="0"
            title="上一页"
          >
            <a />
          </li>
          <li
            class="ant-pagination-item ant-pagination-item-1 ant-pagination-item-active"
            tabindex="0"
            title="1"
          >
            <a>
              1
            </a>
          </li>
          <li
            aria-disabled="true"
            class="ant-pagination-disabled ant-pagination-next"
            tabindex="0"
            title="下一页"
          >
            <a />
          </li>
        </ul>
      </div>
    </div>
  </div>
</div>
`;
